version:0.1
map_name:some.map
width:40
height:16
rubbish:20
map:
#,#,#,#,#,#,#,#,#,#,#,#,#,#,.,.,.,.,.,#,#,#,#,#,#,#,.,.,.,.,.,.,.,#,#,#,#,#,#,.,
#, , , , , , , , , ,*, , ,#,#,#,#,#,#,#, , , , , ,#,.,.,.,.,.,.,.,#, , , , ,#,.,
#, , ,#, ,#,#,#,#, , , , , , , , , , , , , , ,*, ,#,.,.,.,.,.,.,.,#, , , ,#,#,.,
#, , ,#, ,*, ,#,#, ,#,#,#,#,#,#,#,#,#,#,#,#,#, , ,#,#,#,#,#,#,#,#,#, ,*,#,#,#,.,
#, , ,#, , , ,#,#, ,#, , ,*, , , , , , , , , , , ,#, , , ,#,#,#,#, , ,#,#,#,#,.,
#, , ,#,#,#, , , ,#,#, ,*, , ,#, , ,#,#,#,#, ,*, , , , , ,#,#,#,#, ,*, ,*, ,#,.,
#, , , , ,#, , , , ,#, , ,*,#,#, , ,#,#,#,#, , ,#,#,#,#, , , , , , , , , , ,#,.,
#, , , , ,#,#,#, , , ,#, ,#,#,#, , , , , , , , ,#,#,#,#, , ,*, ,#,#,#,#,*, ,#,.,
#, ,*, , ,#,#,#, ,*, ,#,#,#,#,#, ,#,#,#,#,#,#, ,#,#,#,#, ,#, ,#,#,*,*,#, , ,#,.,
#, ,*,*, , , ,#,#, , , , , , , , ,#,.,.,.,.,#, ,#,#,#,#, ,#, ,#,#, , , , , ,#,.,
#, , , , ,*, ,#,#, , ,#,#,#,#, , ,#,.,.,.,.,#, ,#,#,#, , ,#, ,#,#, ,#,#,#,#,#,.,
#, , ,#,#, , , ,#, ,*,#,#,#,#, , ,#,.,.,.,.,#, , , , , ,*,#, , ,#, ,#,.,.,.,.,.,
#, ,*,#,#, ,*, ,#, , ,#,#,#,#, , ,#,.,.,.,.,#, , , ,*, , ,#, , ,#, ,#,.,.,.,.,.,
#, , ,#,#,#,#,#,#, , , , , , , , ,#,.,.,.,.,#,#,#,#,#,#,#, ,*, ,#, ,#,#,#,#,#,#,
#, , , , , , , , , , ,#,#,#, , , ,#,.,.,.,.,.,.,.,.,.,#, , , , , , , , , , , ,#,
#,#,#,#,#,#,#,#,#,#,#,#,#,#,#,#,#,#,.,.,.,.,.,.,.,.,.,#,#,#,#,#,#,#,#,#,#,#,#,#,