version:0.1
map_name:cat.map
width:30
height:20
rubbish:18
map:
.,.,.,.,.,.,.,.,.,.,.,.,.,.,.,.,.,.,.,.,.,.,.,.,.,.,.,.,.,.,
.,.,.,#,#,#,#,#,#,#,#,#,#,.,.,.,.,.,.,.,.,.,.,.,.,.,.,.,.,.,
.,.,.,#, , , , , , , , ,#,.,.,.,.,.,.,#,#,#,#,#,#,#,#,.,.,.,
.,.,.,#, , , , , , , , ,#,.,.,.,.,.,.,#, , , , , , ,#,.,.,.,
.,.,.,#, ,*,#,#,#,#, ,#,#,#,#,#,#,#,#,#, ,#,#,#, , ,#,.,.,.,
.,.,.,#, , ,#,#,*,*, ,#, , ,*, , , , , , ,#,#,#, , ,#,.,.,.,
.,.,.,#, , ,#,#,#,#, ,*, , , , , ,#, , , , , , , , ,#,.,.,.,
.,#,#,#,#, ,#,#,#,#, , , ,#,#,#,#,#,#,#,#,#,#, ,*, ,#,.,.,.,
.,#, ,#,#, , , , , ,*,*, ,#,.,.,.,.,.,.,.,.,#, , , ,#,.,.,.,
.,#, ,#,#,#, , , , ,*, ,#,#,.,.,.,.,.,.,.,.,#,*, , ,#,.,.,.,
.,#, ,*, , , ,*, ,#,#, , ,#,.,.,.,.,.,.,.,.,#, , , ,#,.,.,.,
.,#, , ,#,#,#,#, ,#,#, , ,#,.,.,.,.,#,#,#,#,#, ,#,#,#,#,#,.,
.,#,#,#,#,#,.,#, ,#,#, ,*,#,.,.,.,.,#,#,#, , , ,#,#, , ,#,.,
.,.,.,.,.,.,.,#, , , , , ,#,.,.,.,.,#, , , ,*, ,#,#,*, ,#,.,
.,.,.,.,.,.,.,#,#,#,#, ,*,#,.,.,.,.,#, , , , , , , , , ,#,.,
.,.,.,.,.,.,.,#,#,#,#, , ,#,.,.,.,.,#,#,#,#,#,#,#, , ,#,#,.,
.,.,#,#,#,#,#,#, ,#, ,*, ,#,.,.,.,.,.,.,.,.,.,.,#, ,*, ,#,.,
.,.,#, , , , , , , , , , ,#,.,.,.,.,.,.,.,.,.,.,#, , , ,#,.,
.,.,#,#,#,#,#,#,#,#,#,#,#,#,.,.,.,.,.,.,.,.,.,.,#,#,#,#,#,.,
.,.,.,.,.,.,.,.,.,.,.,.,.,.,.,.,.,.,.,.,.,.,.,.,.,.,.,.,.,.,