version:0.1
map_name:high.map
width:30
height:30
rubbish:20
map:
.,.,.,.,.,.,.,.,.,.,.,.,.,.,.,.,.,.,.,.,.,.,.,.,.,.,.,.,.,.,
.,.,.,.,#,#,#,#,#,#,#,.,.,.,#,#,#,#,#,.,.,.,.,.,.,.,.,.,.,.,
.,.,.,.,#, , , , , ,#,#,#,#,#, , , ,#,.,.,.,.,.,.,.,.,.,.,.,
.,.,.,.,#, ,*, , , , , , , ,#,#,#, ,#,.,.,.,.,.,.,.,.,.,.,.,
.,.,.,.,#, ,#,#,#,#, ,*, , ,#,.,#, ,#,.,.,.,.,.,.,.,.,.,.,.,
.,.,.,.,#, ,#,.,.,#, , , , ,#,#,#, ,#,.,.,.,.,.,.,.,.,.,.,.,
.,.,.,.,#, ,#,#,#,#, , , , , , , , ,#,.,.,.,.,.,.,.,.,.,.,.,
.,.,.,.,#, , , , , ,*, ,#,#,#,#,#,#,#,.,.,.,.,.,.,.,.,.,.,.,
.,.,.,.,#,#,#,#,#, , , ,#,.,.,.,.,.,.,.,.,.,.,.,.,.,.,.,.,.,
.,.,.,.,.,.,.,.,#, , , ,#,#,#,#,#,.,.,.,.,.,.,.,.,.,.,.,.,.,
.,.,.,.,.,.,.,.,#,#, , , ,#, , ,#,.,.,.,.,.,.,.,.,.,.,.,.,.,
.,.,.,.,.,.,.,.,#,#,#, , ,#,#,*,#,.,.,.,.,.,.,.,.,.,.,.,.,.,
.,.,.,.,.,.,.,.,#,#, , , , ,*, ,#,.,.,.,.,.,.,.,.,.,.,.,.,.,
.,.,.,.,.,.,.,.,#, , ,*, ,#,#,#,#,.,.,.,.,.,.,.,.,.,.,.,.,.,
.,.,.,.,.,.,#,#,#, ,#,#, , , , ,#,#,#,#,#,#,#,.,.,.,.,.,.,.,
.,.,.,.,.,.,#, , , ,#,#, , ,*, , , , , , , ,#,.,.,.,.,.,.,.,
.,.,.,.,.,.,#, ,*, ,#,#, , , , , , , ,*, , ,#,.,#,#,#,#,#,.,
.,.,.,.,.,.,#, , , ,#,#, , , ,#,#,#,#,#, , ,#,.,#, , , ,#,.,
.,.,.,.,.,.,#,#,#,#,#,#,#,#, ,#,#, ,#,#, , ,#,.,#,#, ,*,#,.,
.,.,.,.,.,.,.,.,.,.,.,.,.,#, ,#,#, ,#, , , ,#,.,#,#,#, ,#,.,
.,.,.,.,.,.,.,.,.,.,.,.,.,#, ,#,#, , ,*,*, ,#,#,#,#,#, ,#,.,
.,.,.,.,.,.,.,.,.,.,.,.,.,#,#,#,#,#,#,#, , , , , , ,#, ,#,.,
.,.,.,.,.,.,.,.,.,.,.,.,.,.,.,.,.,.,.,#, , , ,*, , , , ,#,.,
.,.,.,.,.,.,.,.,.,.,.,.,.,.,.,.,.,.,.,#, , ,*, ,#,*, , ,#,.,
.,.,.,.,.,.,.,.,.,.,.,.,.,#,#,#,#,#,#,#,*, , , ,#, , , ,#,.,
.,.,.,.,.,.,.,.,.,.,.,.,.,#, , ,#,#,#, , , ,#,#,#,#,#,#,#,.,
.,.,.,.,.,.,.,.,.,.,.,.,#,#, , , ,#,#,#, ,#,#,#,#,#,.,.,.,.,
.,.,.,.,.,.,.,.,.,.,.,.,#,#, ,*, , , , , ,#,.,.,.,#,.,.,.,.,
.,.,.,.,.,.,.,.,.,.,.,.,#,#, , , , , ,*, ,#,#,#,#,#,.,.,.,.,
.,.,.,.,.,.,.,.,.,.,.,.,.,#,#,#,#,#,#,#,#,#,#,#,#,#,.,.,.,.,