version:0.1
map_name:huge.map
width:64
height:32
rubbish:63
map:
.,.,.,.,.,.,.,.,.,.,.,.,.,.,.,.,.,.,.,.,.,.,#,#,#,#,#,#,#,#,.,.,.,.,.,.,.,.,.,.,.,.,.,.,.,.,.,.,.,.,.,.,.,.,.,.,.,.,.,.,.,.,.,.,
.,.,.,.,.,.,.,.,.,.,.,.,.,.,.,.,.,.,.,.,.,.,#, , , , , , ,#,.,.,.,.,.,.,.,.,.,.,.,.,.,.,#,#,#,#,#,.,.,.,.,.,.,.,.,.,.,.,.,.,.,.,
.,.,.,.,.,.,.,.,.,.,.,.,.,.,.,.,.,.,.,.,.,.,#, , ,*, , , ,#,.,.,.,.,.,.,.,.,.,.,.,.,.,.,#,*, , ,#,.,.,.,.,.,.,.,.,.,.,.,.,.,.,.,
.,.,.,.,.,.,#,#,#,#,#,#,#,.,.,.,#,#,#,#,#,#,#,*,*, , , , ,#,.,.,.,.,.,.,.,.,.,.,.,.,.,#,#, , ,#,#,.,.,.,.,.,.,.,.,.,.,.,.,.,.,.,
.,.,.,.,.,.,#, , , , , ,#,.,.,.,#, , , , , , , ,*, ,#,#,#,#,.,.,.,.,.,.,.,.,.,.,.,.,.,#, , ,#,#,.,.,.,.,.,#,#,#,#,#,#,.,.,.,.,.,
.,.,.,.,.,.,#, ,*, , , ,#,#,#,#,#, , , , , , , , , ,#,.,.,.,.,.,.,.,.,.,#,#,#,#,#,#,.,#,#,#,#,.,.,.,.,.,.,#, , , , ,#,.,.,.,.,.,
.,.,.,.,.,.,#, ,*,#,#,#, , , , , , ,*,*, ,#,#,#, , ,#,.,.,.,.,.,.,.,.,.,#, , , , ,#,.,.,.,.,.,#,#,#,#,#,#,#, , , , ,#,.,.,.,.,.,
.,.,.,.,.,.,#, , ,#,.,#, , , , , , ,*, , ,#,.,#, , ,#,.,.,.,.,.,.,.,.,.,#,*, , , ,#,.,.,.,.,.,#, , , , , , , , ,*, ,#,.,.,.,.,.,
.,.,.,.,.,.,#, , ,#,.,#,#, , , , , , , , ,#,.,#, , ,#,.,.,#,#,#,#,#,#,#,#, , , , ,#,.,.,#,#,#,#, , , ,*, , , ,*, , ,#,.,.,.,.,.,
.,.,.,.,.,.,#, , ,#,.,.,#, ,#,#,#,#,#, , ,#,.,#, , ,#,.,.,#, , , , , , , , , , , ,#,.,.,#, , , , , , , , , , , , , ,#,.,.,.,.,.,
.,.,.,#,#,#,#, , ,#,#,#,#, ,#,.,.,.,#, , ,#,#,#, , ,#,.,.,#, , , , , , , , , , , ,#,.,.,#, , , , ,#,#,#,#,#,#,#,#,#,#,.,.,.,.,.,
.,.,.,#, , , , , , ,*, ,*, ,#,.,.,.,#, , , , , ,*, ,#,#,#,#, , , ,*, , , , ,*, , ,#,.,.,#, , ,*, ,#,.,.,.,.,.,.,.,.,.,.,.,.,.,.,
.,.,.,#, , ,*, , , , , , , ,#,.,.,.,#, , , ,*,*, , , , , , , , , , , , , , , , , ,#,.,.,#, , ,*, ,#,.,.,.,.,.,.,.,.,.,.,.,.,.,.,
.,.,.,#,#,#,#,#,#,#,#,#,#,#,#,.,.,.,#, ,*, , , , , , , , , , , ,#,#,#,#,#, , , , ,#,#,#,#, ,*, , ,#,.,.,.,.,.,.,.,.,.,.,.,.,.,.,
.,.,.,.,.,.,.,.,.,.,.,.,.,.,.,.,.,.,#, , , , ,#,#,#,#,#, ,*, , ,#,.,.,.,#, ,*, , , , , , , , , , ,#,.,.,.,.,.,.,.,.,.,.,.,.,.,.,
.,.,.,.,.,.,.,.,.,.,.,.,.,.,.,.,.,.,#, , , ,#,#,.,.,.,#, ,*, , ,#,.,.,.,#, , , , , , ,*, , , , , ,#,#,#,#,#,#,#,#,#,#,.,.,.,.,.,
.,.,.,.,#,#,#,#,#,.,.,.,.,.,.,.,#,#,#, , , ,#,.,.,.,.,#, , , , ,#,.,.,.,#,#,#,#,#,#, , , ,#,#,#, , , , , , , , , , ,#,.,.,.,.,.,
.,.,#,#,#, , , ,#,#,#,#,#,.,.,.,#, , ,*,*, ,#,.,.,.,.,#, , , , ,#,.,.,.,.,.,.,.,.,#, , , ,#,.,#,#,#,#, , , ,*,*, , ,#,.,.,.,.,.,
.,.,#, , ,*,*, , , ,*,*,#,.,.,.,#, , ,*, , ,#,#,.,.,#,#, ,#,#,#,#,.,.,#,#,.,.,.,.,#, , , ,#,.,.,.,.,#,#,#, , , , , ,#,.,.,.,.,.,
.,.,#,#,#,#, , , , ,*,*,#,.,.,.,#, , , , , , ,#,#,#,#, , ,#,.,.,.,.,.,#,#,.,.,.,.,#, , , ,#,#,#,#,#,#, , , , , , , ,#,.,.,.,.,.,
.,.,#, , ,#, , , , ,#,#,#,.,.,.,#,#,#,#,#, , , , , , , , ,#,#,#,.,.,.,.,.,.,.,#,#,#, , , , , , , , , , , , ,*, , , ,#,.,.,.,.,.,
.,.,#, ,*,#, , , , ,#,.,.,.,.,.,.,.,.,.,#, , , , ,*, ,*, , , ,#,.,.,.,.,.,.,.,#, , , , ,#,#,#,#,#,#,#,#,#,#, , , , ,#,.,.,.,.,.,
.,.,#, ,*, , ,#,#, ,#,.,.,.,.,.,.,.,.,.,#, , , , , , , ,*, , ,#,#,#,#,#,#,#,#,#, , , , ,#,.,.,.,.,.,.,.,.,#, , ,*, ,#,#,#,#,.,.,
.,.,#, , , , ,#,#, ,#,.,.,.,.,.,.,.,#,#,#, , ,#,#,#,#,#,#, , , , , , , , , , , , ,*, , ,#,.,.,.,.,.,.,.,.,#, ,*, , , , , ,#,.,.,
.,.,#,#,#, , , , , ,#,.,.,.,.,.,.,.,#, , , , ,#,.,.,.,.,#, , , , , , , , , , ,*, , , , ,#,.,#,#,#,#,.,.,.,#, , , , , , , ,#,.,.,
.,.,.,.,#, , , , , ,#,.,.,.,.,.,.,.,#,*, ,*, ,#,#,.,.,.,#, , , ,#,#,#,#,#,#,#,#,#, , , ,#,.,#,.,.,#,.,.,.,#, , , , ,*, , ,#,.,.,
.,.,.,.,#, , , ,*, ,#,#,#,#,#,#,#,#,#, , ,*, , ,#,.,.,.,#, , , ,#,.,.,.,.,.,.,.,#, , , ,#,.,#,.,#,#,.,#,#,#, , , ,*, , , ,#,.,.,
.,.,.,.,#,#,#,#, , , , , , , , ,*, ,#, , , , ,#,#,#,#,#,#, , , ,#,.,.,.,.,.,.,.,#, , , ,#,.,#,.,#,.,.,#, , , , , , , , , ,#,.,.,
.,.,.,.,.,.,.,#, , ,#,#,#,#,#,#, , ,#,#,#,#,#,#, , , , , , , , ,#,.,.,.,.,.,.,.,#, , , ,#,.,#,#,#,.,.,#, ,*, , , , , ,*, ,#,.,.,
.,.,.,.,.,.,.,#, , ,#,.,.,.,.,#, ,*, , , , , , , , , , , , ,#,#,#,.,.,.,.,.,.,.,#, , ,*,#,.,.,.,.,.,.,#,#,#,#,#,#,#, , , ,#,.,.,
.,.,.,.,.,.,.,#,#,#,#,.,.,.,.,#,#,#,#,#,#,#,#,#,#,#,#,#,#,#,#,.,.,.,.,.,.,.,.,.,#,#,#,#,#,.,.,.,.,.,.,.,.,.,.,.,.,#, ,#,#,#,.,.,
.,.,.,.,.,.,.,.,.,.,.,.,.,.,.,.,.,.,.,.,.,.,.,.,.,.,.,.,.,.,.,.,.,.,.,.,.,.,.,.,.,.,.,.,.,.,.,.,.,.,.,.,.,.,.,.,.,#,#,#,.,.,.,.,